HOST=f11r2n05 JOB=875579 CPUS=16 GRES=dcu:1
START=2026-10-01 16:22:57
torch=2.4.1 hip=6.1.25065 cuda=None
available=['dcu', 'cpu']
backend=dcu stack=DTK/HIP name=BW mem=64.0GiB count=1
split=/public/home/acpl6sbvpl/cub_job/data/train_test_split_0to1_1to9.txt sha256=3a67f959ae5617be182e0c7c6c9343663e223df7816b6ac71cfa8bbfe9126c6a
train=8487 val=2122 holdout=1179
images per class: train=32..47, val=8..12
original official test images in training: 3641; in validation: 974
This custom split is not the official CUB train/test protocol.
device=cuda backend=dcu stack=DTK/HIP name=BW mem=64.0GiB count=1
torch=2.4.1 hip=6.1.25065 smoothing=0.0 minimum_possible_CE=0.000000
pretrained weights: /public/home/acpl6sbvpl/.cache/torch/hub/checkpoints/resnet50-11ad3fa6.pth
epoch=1 train=0.3067 val=0.5424 val_loss=1.6206 lr=0.0001/1e-05
saved /public/home/acpl6sbvpl/cub_job/runs/r50_box/best.pt
epoch=2 train=0.7460 val=0.6692 val_loss=1.1599 lr=0.0001/1e-05
saved /public/home/acpl6sbvpl/cub_job/runs/r50_box/best.pt
epoch=3 train=0.8502 val=0.7097 val_loss=1.0696 lr=9.8e-05/9.8e-06
saved /public/home/acpl6sbvpl/cub_job/runs/r50_box/best.pt
epoch=4 train=0.9084 val=0.7078 val_loss=1.1197 lr=9.6e-05/9.6e-06
epoch=5 train=0.9423 val=0.7337 val_loss=1.0925 lr=9.4e-05/9.4e-06
saved /public/home/acpl6sbvpl/cub_job/runs/r50_box/best.pt
epoch=6 train=0.9618 val=0.7205 val_loss=1.2528 lr=9e-05/9e-06
epoch=7 train=0.9731 val=0.7177 val_loss=1.2329 lr=8.6e-05/8.6e-06
epoch=8 train=0.9835 val=0.7304 val_loss=1.2709 lr=8.2e-05/8.2e-06
epoch=9 train=0.9912 val=0.7243 val_loss=1.4136 lr=7.7e-05/7.7e-06
epoch=10 train=0.9901 val=0.7267 val_loss=1.3560 lr=7.1e-05/7.1e-06
epoch=11 train=0.9936 val=0.7337 val_loss=1.3538 lr=6.5e-05/6.5e-06
early stop; best epoch=5 val=0.73374
best epoch=5 val=0.73374 path=/public/home/acpl6sbvpl/cub_job/runs/r50_box/best.pt
EXIT_CODE=0
END=2026-10-01 16:30:14
